../Core/Src/main.c:117:1:__io_putchar	56	static
../Core/Src/main.c:130:6:HAL_TIM_IC_CaptureCallback	16	static
../Core/Src/main.c:147:6:calibrateIMU	8	static
../Core/Src/main.c:223:7:getAngle	16	static
../Core/Src/main.c:271:5:main	72	static
../Core/Src/main.c:396:6:SystemClock_Config	72	static
../Core/Src/main.c:436:13:MX_I2C1_Init	8	static
../Core/Src/main.c:470:13:MX_I2C2_Init	8	static
../Core/Src/main.c:504:13:MX_TIM1_Init	96	static
../Core/Src/main.c:579:13:MX_TIM2_Init	64	static
../Core/Src/main.c:643:13:MX_TIM3_Init	56	static
../Core/Src/main.c:692:13:MX_TIM4_Init	56	static
../Core/Src/main.c:741:13:MX_USART1_UART_Init	8	static
../Core/Src/main.c:774:13:MX_USART2_UART_Init	8	static
../Core/Src/main.c:807:13:MX_GPIO_Init	40	static
../Core/Src/main.c:863:6:Error_Handler	8	static,ignoring_inline_asm
